src/components/auth/ProtectedRoute.tsx(3,25): error TS2307: Cannot find module '../context/AuthContext' or its corresponding type declarations.
src/components/dashboard/Terminal.tsx(4,30): error TS2307: Cannot find module '../context/WebSocketContext' or its corresponding type declarations.
src/components/dashboard/Terminal.tsx(70,40): error TS7006: Parameter 'log' implicitly has an 'any' type.
src/components/dashboard/Terminal.tsx(70,45): error TS7006: Parameter 'i' implicitly has an 'any' type.
